// Jest Snapshot v1, https://goo.gl/fbAQLP

exports[`snapshot matches the snapshot 1`] = `
<DocumentFragment>
  <form
    action="#"
    class="flex items-center justify-center"
    style="height: calc(100vh - 64px); overflow-y: auto;"
  >
    <div
      class="w-full max-w-md"
    >
      <label
        class="text-lg text-gray-800 tracking-wide text-center block mb-4"
      >
        Create a post
      </label>
      <div
        class="mb-3"
      >
        <input
          class="shadow appearance-none border border-gray-200 rounded w-full py-2 px-3 text-gray-700 leading-tight focus:outline-blue-100"
          data-testid="title"
          name="title"
          placeholder="Title"
          type="text"
          value=""
        />
      </div>
      <div
        class="mb-3"
      >
        <textarea
          class="shadow appearance-none border border-gray-200 rounded w-full py-2 px-3 text-gray-700 leading-tight focus:outline-blue-100 h-32"
          data-testid="description"
          name="description"
          placeholder="Description"
        />
      </div>
      <button
        class="bg-black text-white rounded py-2 px-4 hover:bg-gray-600 transition duration-300 ease-in-out hover:bg-gray-600"
        data-testid="submit-btn"
        type="submit"
      >
        Create
      </button>
    </div>
  </form>
</DocumentFragment>
`;
